
==================================================================
ARM: base_0  rate=None loaders=0 value=0B
==================================================================
  [base_0] n=26408 kv={'p50': 0.799, 'p95': 1.137, 'p99': 3.201, 'p999': 11.014} load=0.0/s

==================================================================
ARM: r26  rate=26.0 loaders=1 value=256B
==================================================================
  [r26] n=26099 kv={'p50': 0.8, 'p95': 1.152, 'p99': 3.812, 'p999': 10.985} load=26.0/s

==================================================================
ARM: base_1  rate=None loaders=0 value=0B
==================================================================
  [base_1] n=26751 kv={'p50': 0.791, 'p95': 1.1, 'p99': 2.683, 'p999': 11.407} load=0.0/s

==================================================================
ARM: r200  rate=200.0 loaders=1 value=256B
==================================================================
  [r200] n=24296 kv={'p50': 0.819, 'p95': 1.253, 'p99': 4.911, 'p999': 12.801} load=200.0/s

==================================================================
ARM: base_2  rate=None loaders=0 value=0B
==================================================================
  [base_2] n=26835 kv={'p50': 0.79, 'p95': 1.105, 'p99': 3.394, 'p999': 10.873} load=0.0/s

==================================================================
ARM: r1000  rate=1000.0 loaders=1 value=256B
==================================================================
  [r1000] n=23345 kv={'p50': 0.843, 'p95': 1.322, 'p99': 5.02, 'p999': 12.491} load=1000.1/s

==================================================================
ARM: base_3  rate=None loaders=0 value=0B
==================================================================
  [base_3] n=26441 kv={'p50': 0.794, 'p95': 1.139, 'p99': 3.525, 'p999': 10.709} load=0.0/s

==================================================================
ARM: flat_1  rate=0.0 loaders=1 value=256B
==================================================================
  [flat_1] n=22506 kv={'p50': 0.866, 'p95': 1.419, 'p99': 5.465, 'p999': 13.913} load=1840.3/s

==================================================================
ARM: base_4  rate=None loaders=0 value=0B
==================================================================
  [base_4] n=26791 kv={'p50': 0.789, 'p95': 1.107, 'p99': 2.924, 'p999': 10.779} load=0.0/s

==================================================================
ARM: flat_8  rate=0.0 loaders=8 value=256B
==================================================================
  [flat_8] n=10203 kv={'p50': 1.885, 'p95': 5.476, 'p99': 11.73, 'p999': 22.281} load=5711.8/s

==================================================================
ARM: base_5  rate=None loaders=0 value=0B
==================================================================
  [base_5] n=26442 kv={'p50': 0.793, 'p95': 1.134, 'p99': 3.511, 'p999': 9.897} load=0.0/s

==================================================================
ARM: bigvalue  rate=0.0 loaders=4 value=4194304B
==================================================================
  [bigvalue] n=4744 kv={'p50': 0.843, 'p95': 26.699, 'p99': 66.513, 'p999': 292.553} load=60.3/s

==================================================================
ARM: base_6  rate=None loaders=0 value=0B
==================================================================
  [base_6] n=26235 kv={'p50': 0.794, 'p95': 1.132, 'p99': 3.243, 'p999': 11.408} load=0.0/s

==================================================================
  baseline_p99s                    {'base_0': 3.201, 'base_1': 2.683, 'base_2': 3.394, 'base_3': 3.525, 'base_4': 2.924, 'base_5': 3.511, 'base_6': 3.243}
  noise_floor_frac                 0.2622
  noise_floor_below_25pct          False
  threshold_frac                   0.2622
  deltas                           {'r26': {'vs': 'base_0', 'p99': 3.812, 'base_p99': 3.201, 'delta_frac': 0.1909, 'load': 26.0}, 'r200': {'vs': 'base_1', 'p99': 4.911, 'base_p99': 2.683, 'delta_frac': 0.8304, 'load': 200.0}, 'r1000': {'vs': 'base_2', 'p99': 5.02, 'base_p99': 3.394, 'delta_frac': 0.4791, 'load': 1000.1}, 'flat_1': {'vs': 'base_3', 'p99': 5.465, 'base_p99': 3.525, 'delta_frac': 0.5504, 'load': 1840.3}, 'flat_8': {'vs': 'base_4', 'p99': 11.73, 'base_p99': 2.924, 'delta_frac': 3.0116, 'load': 5711.8}, 'bigvalue': {'vs': 'base_5', 'p99': 66.513, 'base_p99': 3.511, 'delta_frac': 17.9442, 'load': 60.3}}
  regressed                        {'r26': False, 'r200': True, 'r1000': True, 'flat_1': True, 'flat_8': True, 'bigvalue': True}
  POSCTRL_bigvalue_regressed       True
  VOID_rig_blind                   False
  design_r26_delta                 0.1909
  design_within_threshold          True
  ledger_rates_that_regressed      ['r200', 'r1000', 'flat_1', 'flat_8']
  max_ledger_rate_tested           5711.8
  C3b_proven                       False
==================================================================
