
==================================================================
ARM: base_0  rate=None loaders=0 value=0B
==================================================================
  [base_0] n=53314 kv={'p50': 0.795, 'p95': 1.117, 'p99': 3.173, 'p999': 10.494} load=0.0/s

==================================================================
ARM: r26  rate=26.0 loaders=1 value=256B
==================================================================
  [r26] n=52710 kv={'p50': 0.796, 'p95': 1.136, 'p99': 3.267, 'p999': 11.681} load=26.0/s

==================================================================
ARM: base_1  rate=None loaders=0 value=0B
==================================================================
  [base_1] n=52876 kv={'p50': 0.793, 'p95': 1.124, 'p99': 3.436, 'p999': 11.996} load=0.0/s

==================================================================
ARM: r50  rate=50.0 loaders=1 value=256B
==================================================================
  [r50] n=52258 kv={'p50': 0.799, 'p95': 1.143, 'p99': 3.503, 'p999': 11.939} load=50.0/s

==================================================================
ARM: base_2  rate=None loaders=0 value=0B
==================================================================
  [base_2] n=53304 kv={'p50': 0.793, 'p95': 1.112, 'p99': 3.411, 'p999': 11.389} load=0.0/s

==================================================================
ARM: r100  rate=100.0 loaders=1 value=256B
==================================================================
  [r100] n=52215 kv={'p50': 0.803, 'p95': 1.146, 'p99': 3.521, 'p999': 11.415} load=100.0/s

==================================================================
ARM: base_3  rate=None loaders=0 value=0B
==================================================================
  [base_3] n=53191 kv={'p50': 0.793, 'p95': 1.111, 'p99': 3.107, 'p999': 11.153} load=0.0/s

==================================================================
ARM: r200  rate=200.0 loaders=1 value=256B
==================================================================
  [r200] n=51532 kv={'p50': 0.805, 'p95': 1.177, 'p99': 3.736, 'p999': 11.759} load=200.0/s

==================================================================
ARM: base_4  rate=None loaders=0 value=0B
==================================================================
  [base_4] n=52941 kv={'p50': 0.798, 'p95': 1.13, 'p99': 3.11, 'p999': 11.055} load=0.0/s

==================================================================
ARM: bigvalue  rate=0.0 loaders=4 value=4194304B
==================================================================
  [bigvalue] n=5492 kv={'p50': 0.951, 'p95': 34.797, 'p99': 132.098, 'p999': 391.117} load=59.8/s

==================================================================
ARM: base_5  rate=None loaders=0 value=0B
==================================================================
  [base_5] n=53351 kv={'p50': 0.789, 'p95': 1.124, 'p99': 3.491, 'p999': 11.19} load=0.0/s

==================================================================
  baseline_p99s                    {'base_0': 3.173, 'base_1': 3.436, 'base_2': 3.411, 'base_3': 3.107, 'base_4': 3.11, 'base_5': 3.491}
  noise_floor_2sigma_frac          0.0981
  baseline_spread_frac             0.1168
  baseline_p99_mean                3.288
  noise_floor_below_25pct          True
  threshold_frac                   0.25
  deltas                           {'r26': {'vs': 'base_0', 'p99': 3.267, 'base_p99': 3.173, 'delta_frac': 0.0296, 'p95': 1.136, 'base_p95': 1.117, 'p95_delta_frac': 0.017, 'load': 26.0}, 'r50': {'vs': 'base_1', 'p99': 3.503, 'base_p99': 3.436, 'delta_frac': 0.0195, 'p95': 1.143, 'base_p95': 1.124, 'p95_delta_frac': 0.0169, 'load': 50.0}, 'r100': {'vs': 'base_2', 'p99': 3.521, 'base_p99': 3.411, 'delta_frac': 0.0322, 'p95': 1.146, 'base_p95': 1.112, 'p95_delta_frac': 0.0306, 'load': 100.0}, 'r200': {'vs': 'base_3', 'p99': 3.736, 'base_p99': 3.107, 'delta_frac': 0.2024, 'p95': 1.177, 'base_p95': 1.111, 'p95_delta_frac': 0.0594, 'load': 200.0}, 'bigvalue': {'vs': 'base_4', 'p99': 132.098, 'base_p99': 3.11, 'delta_frac': 41.4752, 'p95': 34.797, 'base_p95': 1.13, 'p95_delta_frac': 29.7938, 'load': 59.8}}
  regressed                        {'r26': False, 'r50': False, 'r100': False, 'r200': False, 'bigvalue': True}
  POSCTRL_bigvalue_regressed       True
  VOID_rig_blind                   False
  design_r26_delta                 0.0296
  design_within_threshold          True
  ledger_rates_that_regressed      []
  max_ledger_rate_tested           200.0
  C3b_proven                       True
==================================================================
