experiment=C2 git=a8303cbffe20 budgets=[1, 2]

==============================================================================
C2 -- measured cost of the ledger (fsyncs, keys, recovery)
==============================================================================
       N     W   K |  fsyncs ceil(N/W)  ratio |  2+3/K | maxkeys recovops
      10     1   8 |      24        10   2.40 |   2.38 |      12       17
      10    10   8 |       4         1   4.00 |   2.38 |       7       15
     100     1   8 |     235       100   2.35 |   2.38 |      12       21
     100    10   8 |      24        10   2.40 |   2.38 |      12       17
     100   100   8 |       4         1   4.00 |   2.38 |       7       15
    1000     1   8 |    2378      1000   2.38 |   2.38 |      12       13
    1000    10   8 |     235       100   2.35 |   2.38 |      12       21
    1000   100   8 |      24        10   2.40 |   2.38 |      12       17
    1000  1000   8 |       4         1   4.00 |   2.38 |       7       15
   10000     1   8 |   23753     10000   2.38 |   2.38 |      12       13
   10000    10   8 |    2378      1000   2.38 |   2.38 |      12       13
   10000   100   8 |     235       100   2.35 |   2.38 |      12       21
   10000  1000   8 |      24        10   2.40 |   2.38 |      12       17

  overhead ratio over ceil(N/W): min=2.17 max=3.8 mean=2.793
  max relative error vs the frozen 2+3/K formula: 8.57% (36 compacting points)
  non-compacting regime (ceil(N/W) < K, fixed startup cost only): ratio [1.3, 4.0]
  steady-state max keys by K: {'2': [6, 7], '4': [7, 8], '8': [7, 12], '16': [7, 16, 20]}

==============================================================================
C3 (testable half) -- the usable band
==============================================================================
  budget = 10% of 262 same-key writes/s; redo <= 1% of N; measured overhead x2.79
     rate/s | N=1000    N=50000   N=1000000
        0.1 | 1..20        1..1000      1..10000    
          1 | 1..20        1..1000      1..10000    
         10 | 2..20        2..1000      2..10000    
         20 | 5..20        5..1000      5..10000    
        100 | 20           20..1000     20..10000   
       1000 | NONE         200..1000    200..10000  
      10000 | NONE         NONE         2000..10000 
     100000 | NONE         NONE         NONE        

==============================================================================
VERDICT: C2=refuted C3half=proven -- write overhead is MULTIPLICATIVE at x2.79 (min x2.17), not additive; key count flat in N: False; 18/24 (rate,N) points have a usable W
==============================================================================
